History[edit]
Main articles: History and Branches of history
African history
American history
Ancient history
History of Asia
History of Europe
Chinese history
Cultural history
Diplomatic history
Economic history
Ethnohistory
Greek history (outline)
History of education
History of science and technology
Iranian history
Indian history
Indonesian history
Intellectual history
Military history
Modern history
Political history
World history
Linguistics[edit]
Main articles: Linguistics and Outline of linguistics
Languages
Business English*
Classical language
Modern language
Standard English*
World Englishes*
Applied Linguistics
Computational linguistics / Natural language processing
Discourse analysis
Etymology
Historical linguistics
History of linguistics
Interlinguistics
Morphology
Philology
Phonetics
Phonology
Pragmatics
Semantics
Semiotics
Sociolinguistics
Syntax
Composition studies
Rhetoric
Literature[edit]
Main articles: Literature and Outline of literature
World literatures
Arabic literature
Argentine literature
Bengali literature
Bulgarian literature
Bosnian literature
Classics
Comparative literature
Chinese literature
English literature
American literature
African American literature
Asian American literature
Jewish American literature
Southern literature
Australian literature
British literature
Scottish literature
Welsh literature
Canadian literature
Indian literature
Irish literature
New Zealand literature
Medieval literature
Post-colonial literature
Post-modern literature
West Indian literature
French literature
Gaelic literature
German literature and Austrian literature
Hebrew literature
Hindi literature
Italian literature
Japanese literature
Kannada literature
Korean literature
Latin American literature
Nigerian literature
Oriya literature
Pashto literature
Persian literature
Polish literature
Philippine literature
Portuguese and Brazilian literature
Russian literature
Serbian literature
Spanish literature
Tamil literature
Turkish literature
Welsh Literature
Yiddish literature
Literary theory
Critical theory
Literary criticism
Poetics
Rhetoric
Creative writing
Creative nonfiction
Fiction writing
Non-fiction writing
Literary journalism
Poetry composition
Screenwriting
Playwrighting
Performing arts[edit]
Main articles: Performing arts and Outline of performing arts
Arts administration
Music (outline)
Accompanying
Chamber music
Church music
Musical composition
Conducting
Choral conducting
Orchestral conducting
Wind ensemble conducting
Early music
Jazz studies
Music education
Music history
Music theory
Musicology
Historical musicology
Systematic musicology
Ethnomusicology
Performance and literature
Organ and historical keyboards
Piano
Strings, harp, oud, and guitar (outline)
Singing
Woodwinds, brass, and percussion
Recording
Orchestral studies
Dance (outline)
Choreography
Dance notation
Ethnochoreology
History of dance
Theatre (outline)
History
Acting
Directing
Stage design
Dramaturgy
Playwrighting
Scenography
Musical theatre
Film (outline)
Animation
Live-action
Filmmaking
Film criticism
Film theory
Oral literature
Public speaking
Performance poetry
Storytelling
Philosophy[edit]
Main articles: Philosophy and Outline of philosophy
Meta-philosophy
Metaphysics
Ontology
Teleology
Philosophy of mind
Philosophy of artificial intelligence
Philosophy of perception
Philosophy of pain
Philosophy of space and time
Philosophy of Action
Epistemology (outline)
Ethics (outline)
Normative ethics
Meta-ethics
Value theory
Moral psychology
Applied ethics
Animal rights
Bioethics
Environmental ethics
Aesthetics (outline)/Philosophy of Art
Social philosophy and political philosophy
Feminist philosophy
Anarchism (outline)
Marxism
Philosophical traditions and schools
African philosophy
Platonism
Aristotelianism
Analytic philosophy
Continental philosophy
Eastern philosophy
Feminist philosophy
History of philosophy
Ancient philosophy
Medieval philosophy
Scholasticism
Humanism (outline)
Modern philosophy
Contemporary philosophy
Logic (outline)
Philosophical logic
Mathematical logic
Applied philosophy
Philosophy of education
Philosophy of history
Philosophy of religion
Philosophy of language
Philosophy of law
Philosophy of mathematics
Philosophy of music
Philosophy of science
Philosophy of social science
Philosophy of physics
Philosophy of biology
Philosophy of chemistry
Philosophy of economics
Philosophy of psychology
Philosophy of engineering
Systems philosophy
Religion[edit]
Main articles: Religious studies and Outline of religion
See also: List of religions and spiritual traditions
Abrahamic religions
Baha'i Faith
Christianity (outline)
Christian theology (outline)
Bibliology
Hermeneutics
Theology Proper
Christology
Pneumatology
Demonology
Theological anthropology
Soteriology
Nomology
Ecclesiology
Eschatology
Christian ethics
Islam (outline)/ Islamic studies
Judaism (outline)/ Jewish studies
Indian religions
Buddhism (outline)/ Buddhist Studies
Hinduism (outline)
Jainism
Sikhism (outline)
East Asian religions
Chinese folk religion
Confucianism
Shinto
Daoism
I-Kuan Tao
Caodaism
Chondogyo
Tenrikyo
Oomoto
Other religions
African religions
Ancient Egyptian religion
Native American religions
Gnosticism
Esotericism
New religious movements
Sumerian religion
Zoroastrianism
Comparative religion
Mythology and Folklore
Irreligion
Agnosticism
Atheism (outline) and religious humanism
Visual arts[edit]
Main articles: Visual arts and Outline of visual arts
Art history
Calligraphy
Connoisseurship
Creative arts
Drawing (outline)
Fine arts
Painting (outline)
Filmmaking
Photography (outline)
Mixed Media
Printmaking
Studio art
Sculpture (outline)
Art conservation
Social sciences[edit]
Main articles: Social sciences and Outline of social science
Anthropology[edit]
Main articles: Anthropology and Outline of anthropology
Biological anthropology
Forensic anthropology
Gene-culture coevolution
Human behavioral ecology
Human evolution
Medical anthropology
Paleoanthropology
Population genetics
Primatology
Anthropological linguistics
Synchronic linguistics (or Descriptive linguistics)
Diachronic linguistics (or Historical linguistics)
Ethnolinguistics
Sociolinguistics
Cultural anthropology
Anthropology of religion
Economic anthropology
Ethnography
Ethnohistory
Ethnology
Ethnomusicology
Folklore
Mythology
Missiology
Political anthropology
Psychological anthropology
Archaeology[edit]
Main articles: Archaeology and Outline of archaeology
See also: Branches of archaeology
Classical archaeology
Egyptology
Experimental archaeology
Maritime archaeology
Near Eastern archaeology
Paleoanthropology
Prehistoric archaeology
Area studies[edit]
Main article: Area studies
African studies
American studies
Appalachian studies
Canadian studies
Latin American studies
Asian studies
Indology (Indian studies)
Iranian studies
Japanology (Japanese studies)
Korean studies
Sinology (outline) (Chinese studies)
Southeast Asian studies
European studies
Celtic studies
German studies
Scandinavian studies
Slavic studies
Australian studies
Middle East studies
Cultural and ethnic studies[edit]
Main articles: Cultural studies and Ethnic studies
Asian studies
Asian American studies
Black studies or African American studies
Chicano studies
Childhood studies
Disability studies
Latino studies
Native American studies
Economics[edit]
Main articles: Economics and Outline of economics
Agricultural economics
Anarchist economics
Behavioral economics
Bioeconomics
Complexity economics
Computational economics
Consumer economics
Development economics
Ecological economics
Econometrics
Economic geography
Economic history
Economic sociology
Economic systems
Energy economics
Entrepreneurial economics
Environmental economics
Evolutionary economics
Experimental economics
Feminist economics
Financial economics
Financial econometrics
Game theory
Green economics
Growth economics
Human development theory
Industrial organization
Information economics
Institutional economics
International economics
Islamic economics
Labor economics
Law and economics
Macroeconomics
Managerial economics
Marxian economics
Mathematical economics
Microeconomics
Monetary economics
Neuroeconomics
Participatory Economics
Political economy
Public finance
Public economics
Real estate economics
Resource economics
Social choice theory
Socialist economics
Socioeconomics
Transport economics
Welfare economics
Gender and sexuality studies[edit]
Main article: Gender and sexuality studies
Feminine psychology
Gender studies/Gender theory
Heterosexism
Human sexual behavior
Human sexuality (outline)
Masculine psychology
Men's studies
Queer studies/Queer theory
Sex education
Sexology
Women's studies
Geography[edit]
Main articles: Geography and Outline of geography
Cartography (outline)
Human geography
Cultural geography
Feminist geography
Economic geography
Development geography
Historical geography
Time geography
Political geography & geopolitics
Military geography
Strategic geography
Population geography
Social geography
Behavioral geography
Children's geographies
Health geography
Tourism geography
Urban geography
Environmental geography
Physical geography
Biogeography
Climatology
Palaeoclimatology
Coastal geography
Geomorphology
Geodesy
Hydrology/Hydrography
Glaciology
Limnology
Oceanography
Landscape ecology
Palaeogeography
Regional geography
Remote sensing
Political science[edit]
Main articles: Political science and Outline of politics
American politics
Canadian politics
Civics
Comparative politics
Geopolitics (Political geography)
International relations
International organizations
Nationalism studies
Peace and conflict studies
Policy studies
Political behavior
Political culture
Political economy
Political history
Political philosophy
Psephology
Public administration
Nonprofit administration
Non-governmental organization (NGO) administration
Public policy
Social choice theory
Psychology[edit]
Main articles: Psychology and Outline of psychology
See also: Branches of psychology, Cognitive science, Affective science, and Behavioural sciences
Abnormal psychology
Applied psychology
Biological psychology
Clinical psychology
Cognitive psychology
Community psychology
Comparative psychology
Conservation psychology
Consumer psychology
Counseling psychology
Cultural psychology
Differential psychology
Developmental psychology
Educational psychology
Environmental psychology
Evolutionary psychology
Experimental psychology
Forensic psychology
Health psychology
Humanistic psychology
Legal psychology
Media psychology
Medical psychology
Military psychology
Neuropsychology
Occupational health psychology
Organizational psychology
Parapsychology (outline)
Personality psychology
Political psychology
Positive psychology
Psychoanalysis
Psychometrics
Psychology of religion
Psychophysics
Quantitative psychology
School psychology
Social psychology
Sport psychology
Sociology[edit]
Main articles: Sociology and Outline of sociology
Applied sociology
Political sociology
Public sociology
Social engineering
Leisure studies
Collective behavior
Social movements
Community informatics
Social network analysis
Comparative sociology
Conflict theory
Cultural studies
Criminology/Criminal justice (outline)
Critical management studies
Demography/Population
Environmental sociology
Feminist sociology
Futures studies (outline)
Human ecology
Humanistic sociology
Interactionism
Phenomenology
Ethnomethodology
Symbolic interactionism
Social constructionism
Medical sociology
Military sociology
Organizational studies
Science studies/Science and technology studies
Sexology
Social capital
Social change
Social transformation
Social control
Pure sociology
Social economy
Social philosophy
Social psychology
Social policy
Social research
Computational sociology
Economic sociology/Socioeconomics
Economic development
Social development
Sociology of culture
Sociology of deviance
Sociology of education
Sociology of gender
Sociology of the family
Sociology of knowledge
Sociology of law
Sociology of religion
Sociology of sport
Sociology of work
Social theory
Social stratification
Sociological theory
Sociobiology
Sociocybernetics
Sociolinguistics
Urban studies or Urban sociology/Rural sociology
Visual sociology
Natural sciences[edit]
Main articles: Natural science and Outline of natural science
Space sciences[edit]
Main article: Space science
See also: Outline of astronomy
Astrobiology
Astronomy (outline)
Observational astronomy
Radio astronomy
Microwave astronomy
Infrared astronomy
Optical astronomy
UV astronomy
X-ray astronomy
Gamma ray astronomy
Astrophysics
Gravitational astronomy
Black holes
Interstellar medium
Numerical simulations in
Astrophysical plasma
Galaxy formation and evolution
High-energy astrophysics
Hydrodynamics
Magnetohydrodynamics
Star formation
Physical cosmology
Stellar astrophysics
Helioseismology
Stellar evolution
Stellar nucleosynthesis
Planetary science (alternatively, a part of earth science)
Earth sciences[edit]
Main articles: Earth science and Outline of earth science
See also Branches of earth sciences
Edaphology
Environmental science
Environmental chemistry
Gemology
Geodesy
Geography (outline)
Geology (outline)
Geochemistry
Geomorphology
Geophysics (outline)
Glaciology
Hydrogeology
Hydrology (outline)
Meteorology (outline)
Mineralogy
Oceanography (outline)
Pedology
Paleontology
Paleobiology
Planetary science (alternatively, a part of space science)
Sedimentology
Soil science
Speleology
Tectonics
Volcanology
Life sciences[edit]
Main article: Life sciences
See also Branches of life sciences
Biochemistry (outline)
Bioinformatics
Biotechnology (outline)
Biology (outline)
Aerobiology
Anatomy
Comparative anatomy
Human anatomy (outline)
Botany (outline)
Ethnobotany
Phycology
Cell biology (outline)
Chronobiology
Computational biology
Cryobiology
Developmental biology
Embryology
Teratology
Ecology (outline)
Agroecology
Ethnoecology
Human ecology
Landscape ecology
Genetics (outline)
Behavioural genetics
Molecular genetics
Population genetics
Endocrinology
Evolutionary biology
Human biology
Immunology
Marine biology
Mathematical biology
Microbiology
Molecular biology
Nutrition (outline)
Neuroscience (outline)
Behavioral neuroscience
Paleobiology
Paleontology
Systems biology
Virology
Molecular virology
Xenobiology
Zoology (outline)
Animal communications
Arachnology
Carcinology
Entomology
Ethnozoology
Ethology
Herpetology
Ichthyology
Myrmecology
Oology
Ornithology
Primatology
Zootomy
Biophysics (outline)
Limnology
Linnaean taxonomy
Mycology
Parasitology
Pathology
Physiology
Human physiology
Exercise physiology
Systematics (Taxonomy)
Chemistry[edit]
Main articles: Chemistry and Outline of chemistry
See also Branches of chemistry
Agrochemistry
Analytical chemistry
Astrochemistry
Atmospheric chemistry
Biochemistry (outline)
Chemical engineering
Chemical biology
Cheminformatics
Computational chemistry
Cosmochemistry
Electrochemistry
Environmental chemistry
Femtochemistry
Flavor
Flow chemistry
Geochemistry
Green chemistry
Histochemistry
Hydrogenation
Immunochemistry
Inorganic chemistry
Marine chemistry
Materials science
Mathematical chemistry
Mechanochemistry
Medicinal chemistry
Molecular biology
Molecular mechanics
Nanotechnology
Natural product chemistry
Neurochemistry
Oenology
Organic chemistry (outline)
Organometallic chemistry
Petrochemistry
Pharmacology
Photochemistry
Physical chemistry
Physical organic chemistry
Phytochemistry
Polymer chemistry
Quantum chemistry
Radiochemistry
Solid-state chemistry
Sonochemistry
Supramolecular chemistry
Surface chemistry
Synthetic chemistry
Theoretical chemistry
Thermochemistry
Physics[edit]
Main articles: Physics and Outline of physics
See also Branches of physics
Acoustics
Applied Physics
Astrophysics
Atomic, molecular, and optical physics
Biophysics (Outline of biophysics)
Computational physics
Condensed matter physics
Cryogenics
Electromagnetism
Elementary particle physics
Fluid dynamics
Geophysics (outline)
Materials science
Mathematical physics
Medical physics
Mechanics
Molecular physics
Newtonian dynamics
Nuclear physics
Optics
Plasma physics
Quantum physics
Solid mechanics
Solid state physics
Statistical mechanics
Theoretical physics
Thermodynamics
Vehicle dynamics
Formal sciences[edit]
Main article: Formal sciences
Computer sciences[edit]
Main articles: Computer sciences and Outline of computer science
See also ACM Computing Classification System
Theory of computation
Automata theory (Formal languages)
Computability theory
Computational complexity theory
Concurrency theory
Algorithms
Randomized algorithms
Distributed algorithms
Parallel algorithms
Computational geometry
Data structures
Computer architecture
VLSI design
Operating systems
Computer communications (networks)
Information theory
Internet, World wide web
Wireless computing (Mobile computing)
Ubiquitous computing
Cloud computing
Computer security and reliability
Cryptography
Fault-tolerant computing
Distributed computing
Grid computing
Parallel computing
High-performance computing
Quantum computing
Computer graphics
Image processing
Scientific visualization
Software engineering
Formal methods (Formal verification)
Programming languages
Programming paradigms
Imperative programming
Object-oriented programming
Functional programming
Logic programming
Concurrent programming
Program semantics
Type theory
Compilers
Human-computer interaction
Information science
Data management
Data mining
Database (outline)
Relational database
Distributed database
Object database
Information retrieval
Information management
Knowledge management
Multimedia, hypermedia
Sound and music computing
Artificial intelligence (outline)
Cognitive science
Automated reasoning
Machine learning
Artificial neural network
Support vector machine
Natural language processing (Computational linguistics)
Computer vision
Expert systems
Robotics (outline)
Computing in Mathematics, Natural sciences, Engineering and Medicine
Numerical analysis
Algebraic (symbolic) computation
Computational number theory
Computational mathematics
Scientific computing (Computational science)
Computational biology (bioinformatics)
Computational physics
Computational chemistry
Computational neuroscience
Computer-aided engineering
Finite element analysis
Computational fluid dynamics
Computing in Social sciences, Arts and Humanities, Professions
Computational economics
Computational sociology
Computational finance
The Digital Humanities (Humanities computing)
History of computer hardware
History of computer science (outline)
Humanistic informatics
Community informatics
Logic[edit]
Main articles: Logic and Outline of logic
Mathematical logic
Set theory
Proof theory
Model theory
Recursion theory
Modal logic
Intuitionistic logic
Philosophical logic
Logical reasoning
Modal logic
Deontic logic
Doxastic logic
Logic in computer science
Programming language semantics
Formal methods (Formal verification)
Type theory
Logic programming
Multi-valued logic
Fuzzy logic
Mathematics[edit]
Main articles: Mathematics and Outline of mathematics
See also Branches of mathematics and AMS Mathematics Subject Classification
Algebra (outline)
Group theory
Group representation
Ring theory
Commutative algebra
Noncommutative algebra
Field theory
Linear algebra (Vector space)
Multilinear algebra
Lie algebra
Associative algebra
Non-associative algebra
Universal algebra
Homological algebra
Differential algebra
Lattice theory (Order theory)
Representation theory
K-theory
Category theory
Topos theory
Analysis
Real analysis
Calculus (outline)
Complex analysis
Functional analysis
Operator theory
Non-standard analysis
Harmonic analysis
Fourier analysis
p-adic analysis
Ordinary differential equations
Partial differential equations
Probability theory
Measure theory
Integral geometry
Ergodic theory
Stochastic process
Geometry (outline) and Topology
General topology
Algebraic topology
Geometric topology
Differential topology
Algebraic geometry
Differential geometry
Projective geometry
Affine geometry
Non-Euclidean geometry
Convex geometry
Discrete geometry
Integral geometry
Noncommutative geometry
Number theory
Analytic number theory
Algebraic number theory
Geometric number theory
Logic and Foundations of mathematics
Set theory
Proof theory
Model theory
Recursion theory
Modal logic
Intuitionistic logic
Applied mathematics
Statistics
Mathematical statistics
Econometrics
Actuarial science
Demography
Approximation theory
Numerical analysis
Operations research
Mathematical optimization
Linear programming
Dynamic programming
Assignment problem
Decision analysis
Inventory theory
Scheduling
Real options analysis
Systems analysis
Stochastic processes
Optimal maintenance
Dynamical systems
Chaos theory
Fractal geometry
Mathematical physics
Quantum mechanics
Quantum field theory
Quantum gravity
String theory
Statistical mechanics
Theory of computation
Computational complexity theory
Information theory
Cryptography
Combinatorics (outline)
Coding theory
Graph theory
Game theory
Statistics[edit]
Main articles: Statistics and Outline of statistics
Computational statistics
Data mining
Regression
Simulation
Bootstrap (statistics)
Design of experiments
Block design and Analysis of variance
Response surface methodology
Sample Survey
Sampling theory
Statistical modelling
Biostatistics
Epidemiology
Multivariate analysis
Structural equation model
Time series
Reliability theory
Quality control
Statistical theory
Decision theory
Mathematical statistics
Probability (outline)
Survey methodology
Systems science[edit]
Main article: Systems science
Complex systems
Cybernetics
Control theory
Control engineering
Control systems
Dynamical systems
Operations research
Systems dynamics
Systems engineering
Systems analysis
Systems theory
Developmental systems theory
General systems theory
Mathematical system theory
Professions and applied sciences[edit]
Main articles: Profession and Applied science
Agriculture[edit]
Main articles: Agriculture and Outline of agriculture
Agroecology
Agronomy
Animal husbandry (Animal science)
Beekeeping (Apiculture)
Agrology
Entomology
Agricultural economics
Agricultural engineering
Biological systems engineering
Food engineering
Aquaculture
Enology
Food science
Horticulture
Hydrology (outline)
Plant science
Pomology
Viticulture
Architecture and design[edit]
Architecture and related design
Architecture (outline)
Urban planning (urban design)
Interior design (interior architecture)
Landscape architecture (landscape planning)
Historic preservation
Visual communication
Graphic design
Type design
Technical drawing
Industrial design (product design)
Ergonomics (outline)
Game design
Toy and amusement design
User experience design
Interaction design
Information architecture
User interface design
User experience evaluation
Fashion design
Textile design
Business[edit]
Main articles: Business and Business education
Accounting scholarship
Business administration
Business analysis
Business ethics
Business law
E-Business
Entrepreneurship
Finance (outline)
Industrial and labor relations
Collective bargaining
Human resources
Organizational studies
Labor economics
Labor history
Information systems (Business informatics)
Management information systems
Health informatics
Information technology (outline)
International trade
Marketing (outline)
Purchasing
Risk management and insurance
Systems science
Divinity[edit]
Main article: Divinity (academic discipline)
Canon law
Church history
Field ministry
Pastoral counseling
Pastoral theology
Religious education techniques
Homiletics
Liturgy
Sacred music
Missiology
Scriptural study and languages
Biblical Hebrew
Biblical studies/Sacred scripture
New Testament Greek
Latin
Old Church Slavonic
Theology (outline)
Dogmatic theology
Ecclesiology
Sacramental theology
Systematic theology
Christian ethics
Education[edit]
Main articles: Education and Outline of education
Consumer education
Critical pedagogy
Curriculum and instruction
Alternative education
Elementary education
Secondary education
Higher education
Mastery learning
Cooperative learning
Agricultural education
Art education
Bilingual education
Chemistry education
Counselor education
Language education
Legal education
Mathematics education
Medical education
Military education and training
Music education
Nursing education
Peace education
Physical education/Sports coaching
Physics education
Reading education
Religious education
Science education
Special education
Sex education
Sociology of education
Technology education
Vocational education
Educational leadership
Educational philosophy
Educational psychology
Educational technology
Distance education
Engineering[edit]
Main articles: Engineering, Outline of engineering, and Engineering education
See also Branches of engineering
Aerospace engineering
Agricultural engineering
Food engineering
Architectural engineering
Bioengineering
Biomechanical engineering
Biomedical engineering
Chemical engineering
Civil engineering
Geotechnical engineering
Engineering geology
Earthquake engineering
Highway engineering
Transportation engineering
Computer engineering (outline)
Control systems engineering
Ecological engineering
Electrical engineering (outline)
Electronic engineering
Instrumentation engineering
Engineering physics
Environmental engineering
Industrial engineering
Materials engineering
Ceramic engineering
Metallurgical engineering
Polymer engineering
Mechanical engineering
Manufacturing engineering
Mining engineering
Nanoengineering
Nuclear engineering
Ocean engineering
Marine engineering
Naval architecture
Optical engineering
Quality assurance engineering
Petroleum engineering
Safety engineering
Software engineering (outline)
Structural engineering
Systems engineering
Telecommunications engineering
Vehicle engineering
Automotive engineering
Web engineering
Environmental studies and forestry[edit]
Main articles: Environmental studies and Forestry
Environmental management
Coastal management
Fisheries management
Land management
Natural resource management
Wildlife management
Environmental policy
Recreation ecology
Silviculture
Sustainability studies
Sustainable development
Toxicology
Family and consumer science[edit]
Main article: Family and consumer science
Consumer education
Housing*
Interior design
Nutrition (outline)
Foodservice management*
Textiles*
Healthcare science[edit]
Main articles: Healthcare science and Outline of healthcare science
See also: Branches of medicine
Clinical laboratory sciences/Clinical pathology/Laboratory medicine
Clinical biochemistry
Cytogenetics
Cytohematology
Cytology
Haemostasiology
Histology
Clinical immunology
Clinical microbiology
Molecular genetics
Parasitology
Clinical Physiology
Dentistry (outline)
Dental hygiene and epidemiology
Dental surgery
Endodontics
Orthodontics
Oral and maxillofacial surgery
Periodontics
Prosthodontics
Implantology
Health informatics/Clinical informatics
Nursing
Nursing theory
Midwifery
Nutrition (outline)and dietetics
Optometry
Orthoptics
Physiotherapy
Occupational therapy
Speech and language pathology
Internal medicine
Preventive medicine
Cardiology
Dermatology
Pulmonology
Medical toxicology
Endocrinology
Gastroenterology
Hepatology
Oncology
Geriatrics
Gynaecology
Hematology
Infectious disease
Nephrology
Neurology
Neurosurgery
Obstetrics   (outline)
Ophthalmology
Orthopedic surgery
Hand surgery
Foot and ankle surgery
Sports medicine
Joint replacement
Shoulder surgery
Otolaryngology
Pathology
Pediatrics
Pharmacy
Pharmaceutical sciences
Physical fitness
Group Fitness / aerobics
Personal fitness training
Kinesiology / Exercise science / Human performance
Podiatry
Primary care
General practice
Psychiatry (outline)
Addiction medicine
Psychology (outline)
Behavioral medicine
Clinical psychology
Health psychology
Medical psychology
Counseling psychology
Public health
Radiology
Recreation therapy
Rehabilitation medicine
Respiratory medicine
Pulmonology
Sleep medicine
Respiratory therapy
Rheumatology
Sports medicine
Surgery
Bariatric surgery
Cardiothoracic surgery
Neurosurgery
Plastic surgery
Traumatology
Urology
Andrology
Veterinary medicine
Human physical performance and recreation*[edit]
Biomechanics / Sports biomechanics
Sports coaching
Dance (outline)
Ergonomics
Physical fitness
Group Fitness / aerobics
Personal trainer / Personal fitness training
Game design
Exercise physiology
Kinesiology / Exercise science / Human performance
Leisure studies
Physical education / Pedagogy
Sociology of sport
Sexology
Sports journalism / sportscasting
Sport management
Athletic director
Sport psychology
Sports medicine
Athletic training
Toy and amusement design
Journalism, media studies and communication[edit]
Main articles: Journalism, Media studies, and Communication studies
Journalism (outline)
Broadcast journalism
Literary journalism
New media journalism
Print journalism
Sports journalism / sportscasting
Media studies (Mass media)
Newspaper
Magazine
Radio (outline)
Television (outline)
Television studies*
Internet (outline)
Communication studies
Advertising
Animal communication
Communication design
Environmental communication
Information theory
Intercultural communication
Marketing (outline)
Mass communication
Nonverbal communication
Organizational communication
Propaganda
Public relations (outline)
Speech communication
Technical writing
Translation
Law[edit]
Main articles: Law and Outline of law
Canon law
Comparative law
Constitutional law
Competition law
Criminal law
Criminal procedure
Criminal justice (outline)
Police science
Forensic science (outline)
Islamic law
Jewish law
Jurisprudence (Philosophy of Law)
Civil law
Admiralty law
Animal law/Animal rights
Corporations
Civil procedure
Contract law
Environmental law
International law
Labor law
Paralegal studies
Property law
Tax law
Tort law
Library and museum studies[edit]
Main articles: Library science and Museology
Archival science
Bibliometrics
Citation analysis
Conservation science
Informatics
Information architecture
Museology
Museum administration
Military sciences[edit]
Main article: Military science
Amphibious warfare
Artillery
Campaigning
Military engineering
Doctrine
Game theory
Leadership
Logistics
Military history
Military intelligence
Military law
Military medicine
Naval science
Naval engineering
Naval tactics
Naval architecture
Weapons systems
Strategy
Tactics
Naval tactics
Public administration[edit]
Main article: Public administration
Corrections
Conservation biology
Criminal justice (outline)
Emergency management
Fire safety (Structural fire protection)
Fire ecology (Wildland fire management)
Governmental affairs
International affairs
Peace and conflict studies
Police science
Public administration
Nonprofit administration
Non-governmental organization (NGO) administration
Public policy
Agricultural policy
Defense policy
Domestic policy
Education policy
Health policy
Housing policy
Labor policy
Social policy
Drug policy
Energy policy
Environmental policy
Fiscal policy
Foreign policy
Immigration policy
Trade policy
Social work[edit]
Child welfare
Community practice
Community organizing
Social policy
Corrections
Gerontology
Medical social work
Mental health
School social work
Transportation[edit]
Main article: Transportation theory
Highway safety
Infographics
Intermodal transportation studies
Marine transportation
Port management
Operations research
Mass transit
Engineering
Medicine
medicine
Humanities
Science
Athletics
Biomedical
Neuroscience
